2025-06-24 14:00:17.141 [INFO] Zappy Server starting up...
2025-06-24 14:00:17.192 [INFO] Configuration created: 20x20 map, 3 players per team
2025-06-24 14:00:17.195 [INFO] Added team: Team Rocket
2025-06-24 14:00:17.195 [INFO] Initializing game engine...
2025-06-24 14:00:17.224 [INFO] Setting up signal handlers...
2025-06-24 14:00:17.225 [INFO] Starting game engine...
2025-06-24 14:00:25.758 [INFO] Command sst: Set tick rate to 3
2025-06-24 14:00:28.068 [ERROR] Command sst invalid: sst must be between 1 and 300
2025-06-24 14:00:32.402 [INFO] Command sst: Set tick rate to 300
2025-06-24 14:00:54.576 [INFO] Command forward: Moved player forward to (8, 4)
2025-06-24 14:01:02.516 [INFO] Zappy Server shutting down normally
2025-07-01 10:29:14.782 [INFO] Zappy Server starting up...
2025-07-01 10:29:14.783 [INFO] Configuration created: 20x20 map, 3 players per team
2025-07-01 10:29:14.783 [INFO] Added team: Team Rocket
2025-07-01 10:29:14.783 [INFO] Initializing game engine...
2025-07-01 10:29:14.783 [INFO] Setting up signal handlers...
2025-07-01 10:29:14.783 [INFO] Starting game engine...
2025-07-01 10:29:31.380 [INFO] Command sst: Set tick rate to 1
2025-07-01 10:29:42.382 [INFO] Command forward: Moved player forward to (9, 4)
2025-07-01 10:29:56.385 [INFO] Command left: Player turned left
2025-07-01 10:30:03.387 [INFO] Command left: Player turned left
2025-07-01 10:30:10.388 [INFO] Command left: Player turned left
2025-07-01 10:32:20.631 [INFO] Command left: Player turned left
2025-07-01 10:32:27.633 [INFO] Command forward: Moved player forward to (9, 3)
2025-07-01 10:32:34.634 [INFO] Command forward: Moved player forward to (9, 2)
2025-07-01 10:32:56.640 [INFO] Command right: Player turned right
2025-07-01 10:33:03.642 [INFO] Command forward: Moved player forward to (10, 2)
2025-07-01 10:33:19.645 [INFO] Command sst: Set tick rate to 300
2025-07-01 10:34:13.236 [INFO] Command sst: Set tick rate to 1
2025-07-01 10:34:44.249 [INFO] Zappy Server shutting down normally
2025-07-01 13:47:08.065 [INFO] Zappy Server starting up...
2025-07-01 13:47:08.066 [INFO] Configuration created: 20x20 map, 3 players per team
2025-07-01 13:47:08.066 [INFO] Added team: Team Rocket
2025-07-01 13:47:08.066 [INFO] Initializing game engine...
2025-07-01 13:47:08.066 [INFO] Setting up signal handlers...
2025-07-01 13:47:08.066 [INFO] Starting game engine...
2025-07-01 13:49:17.446 [INFO] Zappy Server shutting down normally
2025-07-01 16:46:50.093 [INFO] Zappy Server starting up...
2025-07-01 16:46:50.093 [INFO] Configuration created: 20x20 map, 3 players per team
2025-07-01 16:46:50.093 [INFO] Added team: Team Rocket
2025-07-01 16:46:50.093 [INFO] Initializing game engine...
2025-07-01 16:46:50.093 [INFO] Setting up signal handlers...
2025-07-01 16:46:50.093 [INFO] Starting game engine...
2025-07-01 16:47:00.627 [INFO] Command sst: Set tick rate to 1
2025-07-01 16:47:24.632 [INFO] Command forward: Moved player forward to (1, 0)
2025-07-01 16:47:25.632 [INFO] Command inventory: Sent inventory
2025-07-01 16:47:26.632 [INFO] Command inventory: Sent inventory
2025-07-01 16:47:27.633 [INFO] Command inventory: Sent inventory
2025-07-01 16:47:28.633 [INFO] Command inventory: Sent inventory
2025-07-01 16:47:43.637 [INFO] Command left: Player turned left
2025-07-01 16:52:01.702 [INFO] Command left: Player turned left
2025-07-01 16:52:02.702 [INFO] Command inventory: Sent inventory
2025-07-01 16:52:18.786 [INFO] Zappy Server shutting down normally
2025-07-01 16:52:23.395 [INFO] Zappy Server starting up...
2025-07-01 16:52:23.395 [INFO] Configuration created: 20x20 map, 3 players per team
2025-07-01 16:52:23.395 [INFO] Added team: Team Rocket
2025-07-01 16:52:23.395 [INFO] Initializing game engine...
2025-07-01 16:52:23.396 [INFO] Setting up signal handlers...
2025-07-01 16:52:23.396 [INFO] Starting game engine...
2025-07-01 16:52:26.114 [INFO] Zappy Server shutting down normally
2025-07-01 18:02:16.623 [INFO] Zappy Server starting up...
2025-07-01 18:02:16.623 [INFO] Configuration created: 20x20 map, 3 players per team
2025-07-01 18:02:16.623 [INFO] Added team: Team Rocket
2025-07-01 18:02:16.623 [INFO] Initializing game engine...
2025-07-01 18:02:16.624 [INFO] Setting up signal handlers...
2025-07-01 18:02:16.624 [INFO] Starting game engine...
2025-07-01 18:02:25.496 [INFO] Command sst: Set tick rate to 1
2025-07-01 18:03:18.506 [INFO] Zappy Server shutting down normally
2025-07-01 18:06:42.244 [INFO] Zappy Server starting up...
2025-07-01 18:06:42.244 [INFO] Configuration created: 20x20 map, 3 players per team
2025-07-01 18:06:42.244 [INFO] Added team: Team Rocket
2025-07-01 18:06:42.244 [INFO] Initializing game engine...
2025-07-01 18:06:42.244 [INFO] Setting up signal handlers...
2025-07-01 18:06:42.244 [INFO] Starting game engine...
2025-07-01 18:06:47.975 [INFO] Command sst: Set tick rate to 2
2025-07-01 18:06:57.480 [INFO] Command see: Player sees: {, , , }

2025-07-01 18:07:05.984 [INFO] Command see: Player sees: {, , , }

2025-07-01 18:07:06.484 [INFO] Command inventory: Sent inventory
2025-07-01 18:07:09.986 [INFO] Command inventory: Sent inventory
2025-07-01 18:07:15.488 [INFO] Command see: Player sees: {, , , }

2025-07-01 18:07:15.988 [INFO] Command inventory: Sent inventory
2025-07-01 18:07:16.489 [INFO] Command inventory: Sent inventory
2025-07-01 18:07:23.991 [INFO] Command left: Player turned left
2025-07-01 18:07:23.992 [INFO] Zappy Server shutting down normally
